Release 14.7 - xst P.20131013 (nt64)
Copyright (c) 1995-2013 Xilinx, Inc.  All rights reserved.
--> Parameter TMPDIR set to xst/projnav.tmp


Total REAL time to Xst completion: 1.00 secs
Total CPU time to Xst completion: 0.31 secs
 
--> Parameter xsthdpdir set to xst


Total REAL time to Xst completion: 1.00 secs
Total CPU time to Xst completion: 0.33 secs
 
--> Reading design: FSM_Tx.prj

TABLE OF CONTENTS
  1) Synthesis Options Summary
  2) HDL Compilation
  3) Design Hierarchy Analysis
  4) HDL Analysis
  5) HDL Synthesis
     5.1) HDL Synthesis Report
  6) Advanced HDL Synthesis
     6.1) Advanced HDL Synthesis Report
  7) Low Level Synthesis
  8) Partition Report
  9) Final Report
	9.1) Device utilization summary
	9.2) Partition Resource Summary
	9.3) TIMING REPORT


=========================================================================
*                      Synthesis Options Summary                        *
=========================================================================
---- Source Parameters
Input File Name                    : "FSM_Tx.prj"
Input Format                       : mixed
Ignore Synthesis Constraint File   : NO

---- Target Parameters
Output File Name                   : "FSM_Tx"
Output Format                      : NGC
Target Device                      : xc3s100e-5-cp132

---- Source Options
Top Module Name                    : FSM_Tx
Automatic FSM Extraction           : YES
FSM Encoding Algorithm             : Auto
Safe Implementation                : No
FSM Style                          : LUT
RAM Extraction                     : Yes
RAM Style                          : Auto
ROM Extraction                     : Yes
Mux Style                          : Auto
Decoder Extraction                 : YES
Priority Encoder Extraction        : Yes
Shift Register Extraction          : YES
Logical Shifter Extraction         : YES
XOR Collapsing                     : YES
ROM Style                          : Auto
Mux Extraction                     : Yes
Resource Sharing                   : YES
Asynchronous To Synchronous        : NO
Multiplier Style                   : Auto
Automatic Register Balancing       : No

---- Target Options
Add IO Buffers                     : YES
Global Maximum Fanout              : 100000
Add Generic Clock Buffer(BUFG)     : 24
Register Duplication               : YES
Slice Packing                      : YES
Optimize Instantiated Primitives   : NO
Use Clock Enable                   : Yes
Use Synchronous Set                : Yes
Use Synchronous Reset              : Yes
Pack IO Registers into IOBs        : Auto
Equivalent register Removal        : YES

---- General Options
Optimization Goal                  : Speed
Optimization Effort                : 1
Keep Hierarchy                     : No
Netlist Hierarchy                  : As_Optimized
RTL Output                         : Yes
Global Optimization                : AllClockNets
Read Cores                         : YES
Write Timing Constraints           : NO
Cross Clock Analysis               : NO
Hierarchy Separator                : /
Bus Delimiter                      : <>
Case Specifier                     : Maintain
Slice Utilization Ratio            : 100
BRAM Utilization Ratio             : 100
Verilog 2001                       : YES
Auto BRAM Packing                  : NO
Slice Utilization Ratio Delta      : 5

=========================================================================


=========================================================================
*                          HDL Compilation                              *
=========================================================================
Compiling verilog file "FSM_Tx.v" in library work
Module <FSM_Tx> compiled
No errors in compilation
Analysis of file <"FSM_Tx.prj"> succeeded.
 

=========================================================================
*                     Design Hierarchy Analysis                         *
=========================================================================
Analyzing hierarchy for module <FSM_Tx> in library <work> with parameters.
	data = "010"
	idle = "000"
	parity = "011"
	start = "001"
	stop = "100"


=========================================================================
*                            HDL Analysis                               *
=========================================================================
Analyzing top module <FSM_Tx>.
	data = 3'b010
	idle = 3'b000
	parity = 3'b011
	start = 3'b001
	stop = 3'b100
Module <FSM_Tx> is correct for synthesis.
 

=========================================================================
*                           HDL Synthesis                               *
=========================================================================

Performing bidirectional port resolution...

Synthesizing Unit <FSM_Tx>.
    Related source file is "FSM_Tx.v".
    Found finite state machine <FSM_0> for signal <p_s>.
    -----------------------------------------------------------------------
    | States             | 5                                              |
    | Transitions        | 8                                              |
    | Inputs             | 2                                              |
    | Outputs            | 4                                              |
    | Clock              | clk                       (rising_edge)        |
    | Reset              | reset                     (negative)           |
    | Reset type         | asynchronous                                   |
    | Reset State        | 000                                            |
    | Encoding           | automatic                                      |
    | Implementation     | LUT                                            |
    -----------------------------------------------------------------------
    Found 3-bit register for signal <count>.
    Found 3-bit adder for signal <count$addsub0000> created at line 62.
    Summary:
	inferred   1 Finite State Machine(s).
	inferred   3 D-type flip-flop(s).
	inferred   1 Adder/Subtractor(s).
Unit <FSM_Tx> synthesized.


=========================================================================
HDL Synthesis Report

Macro Statistics
# Adders/Subtractors                                   : 1
 3-bit adder                                           : 1
# Registers                                            : 1
 3-bit register                                        : 1

=========================================================================

=========================================================================
*                       Advanced HDL Synthesis                          *
=========================================================================

Analyzing FSM <FSM_0> for best encoding.
Optimizing FSM <p_s/FSM> on signal <p_s[1:3]> with user encoding.
-------------------
 State | Encoding
-------------------
 000   | 000
 001   | 001
 010   | 010
 011   | 011
 100   | 100
-------------------

=========================================================================
Advanced HDL Synthesis Report

Macro Statistics
# FSMs                                                 : 1
# Adders/Subtractors                                   : 1
 3-bit adder                                           : 1
# Registers                                            : 3
 Flip-Flops                                            : 3

=========================================================================

=========================================================================
*                         Low Level Synthesis                           *
=========================================================================

Optimizing unit <FSM_Tx> ...

Mapping all equations...
Building and optimizing final netlist ...
Found area constraint ratio of 100 (+ 5) on block FSM_Tx, actual ratio is 0.

Final Macro Processing ...

=========================================================================
Final Register Report

Macro Statistics
# Registers                                            : 6
 Flip-Flops                                            : 6

=========================================================================

=========================================================================
*                           Partition Report                            *
=========================================================================

Partition Implementation Status
-------------------------------

  No Partitions were found in this design.

-------------------------------

=========================================================================
*                            Final Report                               *
=========================================================================
Final Results
RTL Top Level Output File Name     : FSM_Tx.ngr
Top Level Output File Name         : FSM_Tx
Output Format                      : NGC
Optimization Goal                  : Speed
Keep Hierarchy                     : No

Design Statistics
# IOs                              : 7

Cell Usage :
# BELS                             : 14
#      INV                         : 2
#      LUT2                        : 5
#      LUT2_L                      : 1
#      LUT3                        : 2
#      LUT4                        : 4
# FlipFlops/Latches                : 6
#      FDC                         : 6
# Clock Buffers                    : 1
#      BUFGP                       : 1
# IO Buffers                       : 6
#      IBUF                        : 2
#      OBUF                        : 4
=========================================================================

Device utilization summary:
---------------------------

Selected Device : 3s100ecp132-5 

 Number of Slices:                        7  out of    960     0%  
 Number of Slice Flip Flops:              6  out of   1920     0%  
 Number of 4 input LUTs:                 14  out of   1920     0%  
 Number of IOs:                           7
 Number of bonded IOBs:                   7  out of     83     8%  
 Number of GCLKs:                         1  out of     24     4%  

---------------------------
Partition Resource Summary:
---------------------------

  No Partitions were found in this design.

---------------------------


=========================================================================
TIMING REPORT

NOTE: THESE TIMING NUMBERS ARE ONLY A SYNTHESIS ESTIMATE.
      FOR ACCURATE TIMING INFORMATION PLEASE REFER TO THE TRACE REPORT
      GENERATED AFTER PLACE-and-ROUTE.

Clock Information:
------------------
-----------------------------------+------------------------+-------+
Clock Signal                       | Clock buffer(FF name)  | Load  |
-----------------------------------+------------------------+-------+
clk                                | BUFGP                  | 6     |
-----------------------------------+------------------------+-------+

Asynchronous Control Signals Information:
----------------------------------------
---------------------------------------------------+------------------------+-------+
Control Signal                                     | Buffer(FF name)        | Load  |
---------------------------------------------------+------------------------+-------+
p_s_FSM_Acst_FSM_inv(p_s_FSM_Acst_FSM_inv1_INV_0:O)| NONE(count_0)          | 6     |
---------------------------------------------------+------------------------+-------+

Timing Summary:
---------------
Speed Grade: -5

   Minimum period: 3.238ns (Maximum Frequency: 308.837MHz)
   Minimum input arrival time before clock: 3.556ns
   Maximum output required time after clock: 5.524ns
   Maximum combinational path delay: No path found

Timing Detail:
--------------
All values displayed in nanoseconds (ns)

=========================================================================
Timing constraint: Default period analysis for Clock 'clk'
  Clock period: 3.238ns (frequency: 308.837MHz)
  Total number of paths / destination ports: 23 / 6
-------------------------------------------------------------------------
Delay:               3.238ns (Levels of Logic = 2)
  Source:            p_s_FSM_FFd2 (FF)
  Destination:       count_2 (FF)
  Source Clock:      clk rising
  Destination Clock: clk rising

  Data Path: p_s_FSM_FFd2 to count_2
                                Gate     Net
    Cell:in->out      fanout   Delay   Delay  Logical Name (Net Name)
    ----------------------------------------  ------------
     FDC:C->Q              9   0.514   0.849  p_s_FSM_FFd2 (p_s_FSM_FFd2)
     LUT2:I0->O            2   0.612   0.383  p_s_FSM_FFd2-In11 (shift_OBUF)
     LUT4:I3->O            1   0.612   0.000  count_mux0000<0>1 (count_mux0000<0>)
     FDC:D                     0.268          count_2
    ----------------------------------------
    Total                      3.238ns (2.006ns logic, 1.232ns route)
                                       (62.0% logic, 38.0% route)

=========================================================================
Timing constraint: Default OFFSET IN BEFORE for Clock 'clk'
  Total number of paths / destination ports: 2 / 1
-------------------------------------------------------------------------
Offset:              3.556ns (Levels of Logic = 3)
  Source:            tx_start (PAD)
  Destination:       p_s_FSM_FFd3 (FF)
  Destination Clock: clk rising

  Data Path: tx_start to p_s_FSM_FFd3
                                Gate     Net
    Cell:in->out      fanout   Delay   Delay  Logical Name (Net Name)
    ----------------------------------------  ------------
     IBUF:I->O             2   1.106   0.532  tx_start_IBUF (tx_start_IBUF)
     LUT2:I0->O            1   0.612   0.426  p_s_FSM_FFd3-In0 (p_s_FSM_FFd3-In0)
     LUT4:I1->O            1   0.612   0.000  p_s_FSM_FFd3-In27 (p_s_FSM_FFd3-In)
     FDC:D                     0.268          p_s_FSM_FFd3
    ----------------------------------------
    Total                      3.556ns (2.598ns logic, 0.958ns route)
                                       (73.1% logic, 26.9% route)

=========================================================================
Timing constraint: Default OFFSET OUT AFTER for Clock 'clk'
  Total number of paths / destination ports: 8 / 4
-------------------------------------------------------------------------
Offset:              5.524ns (Levels of Logic = 2)
  Source:            p_s_FSM_FFd2 (FF)
  Destination:       shift (PAD)
  Source Clock:      clk rising

  Data Path: p_s_FSM_FFd2 to shift
                                Gate     Net
    Cell:in->out      fanout   Delay   Delay  Logical Name (Net Name)
    ----------------------------------------  ------------
     FDC:C->Q              9   0.514   0.849  p_s_FSM_FFd2 (p_s_FSM_FFd2)
     LUT2:I0->O            2   0.612   0.380  p_s_FSM_FFd2-In11 (shift_OBUF)
     OBUF:I->O                 3.169          shift_OBUF (shift)
    ----------------------------------------
    Total                      5.524ns (4.295ns logic, 1.229ns route)
                                       (77.8% logic, 22.2% route)

=========================================================================


Total REAL time to Xst completion: 25.00 secs
Total CPU time to Xst completion: 24.44 secs
 
--> 

Total memory usage is 4533864 kilobytes

Number of errors   :    0 (   0 filtered)
Number of warnings :    0 (   0 filtered)
Number of infos    :    0 (   0 filtered)

